src/app/(dashboard)/bodega/categorias/CategoryManager.tsx(57,20): error TS2339: Property 'errors' does not exist on type 'ZodError<{ name: string; is_active: boolean; category: "alimento" | "medicamento" | "otro"; description?: string | null | undefined; }>'.
src/app/(dashboard)/bodega/categorias/CategoryManager.tsx(57,35): error TS7006: Parameter 'err' implicitly has an 'any' type.
src/app/(dashboard)/bodega/insumos/SupplyManager.tsx(62,73): error TS2322: Type '{ size: number; className: string; title: string; }' is not assignable to type 'IntrinsicAttributes & Omit<LucideProps, "ref"> & RefAttributes<SVGSVGElement>'.
  Property 'title' does not exist on type 'IntrinsicAttributes & Omit<LucideProps, "ref"> & RefAttributes<SVGSVGElement>'.
src/app/(dashboard)/bodega/insumos/SupplyManager.tsx(106,20): error TS2339: Property 'errors' does not exist on type 'ZodError<{ name: string; is_active: boolean; category_id: string; unit: string; min_stock: number; registered_by: string; unit_price?: number | null | undefined; expiry_date?: string | null | undefined; supplier?: string | ... 1 more ... | undefined; batch_number?: string | ... 1 more ... | undefined; notes?: string...'.
src/app/(dashboard)/bodega/insumos/SupplyManager.tsx(106,35): error TS7006: Parameter 'err' implicitly has an 'any' type.
src/app/(dashboard)/dashboard/animales/[id]/page.tsx(6,31): error TS2724: '"lucide-react"' has no exported member named 'WeighingMachine'. Did you mean 'WashingMachine'?
src/repositories/IAuthRepository.ts(1,15): error TS2305: Module '"@/types/domain/user.schema"' has no exported member 'LoginCredentials'.
src/repositories/IAuthRepository.ts(1,33): error TS2305: Module '"@/types/domain/user.schema"' has no exported member 'RegisterUser'.
src/repositories/supabase/AuthRepository.ts(34,9): error TS2416: Property 'login' in type 'SupabaseAuthRepository' is not assignable to the same property in base type 'IAuthRepository'.
  Type '(credentials: any) => Promise<{ user: { id: string; email: string; role: "EMPLEADO" | "ADMINISTRADOR" | "ENCARGADO"; is_active: boolean; login_count: number; failed_attempts: number; full_name?: string | ... 1 more ... | undefined; ... 7 more ...; create_by?: string | ... 1 more ... | undefined; }; session: any; }>' is not assignable to type '(credentials: LoginCredentials) => Promise<{ id: string; email: string; role: "EMPLEADO" | "ADMINISTRADOR" | "ENCARGADO"; is_active: boolean; login_count: number; failed_attempts: number; full_name?: string | null | undefined; ... 7 more ...; create_by?: string | ... 1 more ... | undefined; }>'.
    Type 'Promise<{ user: { id: string; email: string; role: "EMPLEADO" | "ADMINISTRADOR" | "ENCARGADO"; is_active: boolean; login_count: number; failed_attempts: number; full_name?: string | null | undefined; ... 7 more ...; create_by?: string | ... 1 more ... | undefined; }; session: any; }>' is not assignable to type 'Promise<{ id: string; email: string; role: "EMPLEADO" | "ADMINISTRADOR" | "ENCARGADO"; is_active: boolean; login_count: number; failed_attempts: number; full_name?: string | null | undefined; ... 7 more ...; create_by?: string | ... 1 more ... | undefined; }>'.
      Type '{ user: { id: string; email: string; role: "EMPLEADO" | "ADMINISTRADOR" | "ENCARGADO"; is_active: boolean; login_count: number; failed_attempts: number; full_name?: string | null | undefined; ... 7 more ...; create_by?: string | ... 1 more ... | undefined; }; session: any; }' is missing the following properties from type '{ id: string; email: string; role: "EMPLEADO" | "ADMINISTRADOR" | "ENCARGADO"; is_active: boolean; login_count: number; failed_attempts: number; full_name?: string | null | undefined; phone?: string | ... 1 more ... | undefined; ... 6 more ...; create_by?: string | ... 1 more ... | undefined; }': id, email, role, is_active, and 2 more.
src/services/auth/AuthService.ts(4,10): error TS2305: Module '"@/types/domain/user.schema"' has no exported member 'LoginCredentials'.
src/services/auth/AuthService.ts(4,28): error TS2305: Module '"@/types/domain/user.schema"' has no exported member 'RegisterUser'.
src/services/auth/AuthService.ts(8,7): error TS2322: Type 'SupabaseAuthRepository' is not assignable to type 'IAuthRepository'.
  The types returned by 'login(...)' are incompatible between these types.
    Type 'Promise<{ user: { id: string; email: string; role: "EMPLEADO" | "ADMINISTRADOR" | "ENCARGADO"; is_active: boolean; login_count: number; failed_attempts: number; full_name?: string | null | undefined; ... 7 more ...; create_by?: string | ... 1 more ... | undefined; }; session: any; }>' is not assignable to type 'Promise<{ id: string; email: string; role: "EMPLEADO" | "ADMINISTRADOR" | "ENCARGADO"; is_active: boolean; login_count: number; failed_attempts: number; full_name?: string | null | undefined; ... 7 more ...; create_by?: string | ... 1 more ... | undefined; }>'.
      Type '{ user: { id: string; email: string; role: "EMPLEADO" | "ADMINISTRADOR" | "ENCARGADO"; is_active: boolean; login_count: number; failed_attempts: number; full_name?: string | null | undefined; ... 7 more ...; create_by?: string | ... 1 more ... | undefined; }; session: any; }' is missing the following properties from type '{ id: string; email: string; role: "EMPLEADO" | "ADMINISTRADOR" | "ENCARGADO"; is_active: boolean; login_count: number; failed_attempts: number; full_name?: string | null | undefined; phone?: string | ... 1 more ... | undefined; ... 6 more ...; create_by?: string | ... 1 more ... | undefined; }': id, email, role, is_active, and 2 more.
src/services/profileService.ts(7,71): error TS2554: Expected 0 arguments, but got 1.
src/services/profileService.ts(14,5): error TS2322: Type '{ id: string; email: string; role: "EMPLEADO" | "ADMINISTRADOR" | "ENCARGADO"; is_active: boolean; full_name?: string | null | undefined; phone?: string | null | undefined; avatar_url?: string | ... 1 more ... | undefined; address?: string | ... 1 more ... | undefined; created_at?: string | undefined; updated_at?: s...' is not assignable to type '{ id: string; email: string; role: "EMPLEADO" | "ADMINISTRADOR" | "ENCARGADO"; is_active: boolean; login_count: number; failed_attempts: number; full_name?: string | null | undefined; phone?: string | ... 1 more ... | undefined; ... 6 more ...; create_by?: string | ... 1 more ... | undefined; }[]'.
  Type '{ id: string; email: string; role: "EMPLEADO" | "ADMINISTRADOR" | "ENCARGADO"; is_active: boolean; full_name?: string | null | undefined; phone?: string | null | undefined; avatar_url?: string | ... 1 more ... | undefined; address?: string | ... 1 more ... | undefined; created_at?: string | undefined; updated_at?: s...' is missing the following properties from type '{ id: string; email: string; role: "EMPLEADO" | "ADMINISTRADOR" | "ENCARGADO"; is_active: boolean; login_count: number; failed_attempts: number; full_name?: string | null | undefined; phone?: string | ... 1 more ... | undefined; ... 6 more ...; create_by?: string | ... 1 more ... | undefined; }': login_count, failed_attempts
src/services/profileService.ts(21,5): error TS2322: Type 'void' is not assignable to type '{ id: string; email: string; role: "EMPLEADO" | "ADMINISTRADOR" | "ENCARGADO"; is_active: boolean; login_count: number; failed_attempts: number; full_name?: string | null | undefined; phone?: string | ... 1 more ... | undefined; ... 6 more ...; create_by?: string | ... 1 more ... | undefined; }'.
src/services/profileService.ts(28,5): error TS2322: Type '{ id: string; email: string; role: "EMPLEADO" | "ADMINISTRADOR" | "ENCARGADO"; is_active: boolean; full_name?: string | null | undefined; phone?: string | null | undefined; avatar_url?: string | ... 1 more ... | undefined; address?: string | ... 1 more ... | undefined; created_at?: string | undefined; updated_at?: s...' is not assignable to type '{ id: string; email: string; role: "EMPLEADO" | "ADMINISTRADOR" | "ENCARGADO"; is_active: boolean; login_count: number; failed_attempts: number; full_name?: string | null | undefined; ... 7 more ...; create_by?: string | ... 1 more ... | undefined; } | null'.
  Type '{ id: string; email: string; role: "EMPLEADO" | "ADMINISTRADOR" | "ENCARGADO"; is_active: boolean; full_name?: string | null | undefined; phone?: string | null | undefined; avatar_url?: string | ... 1 more ... | undefined; address?: string | ... 1 more ... | undefined; created_at?: string | undefined; updated_at?: s...' is missing the following properties from type '{ id: string; email: string; role: "EMPLEADO" | "ADMINISTRADOR" | "ENCARGADO"; is_active: boolean; login_count: number; failed_attempts: number; full_name?: string | null | undefined; phone?: string | ... 1 more ... | undefined; ... 6 more ...; create_by?: string | ... 1 more ... | undefined; }': login_count, failed_attempts
